Archive member included because of file (symbol)

C:\Users\se414010\Documents\Atmel Studio\6.2\NoEncryptionAttack\Attacker\Attacker\libOS.a(button.o)
                              Open.o (button_init)
C:\Users\se414010\Documents\Atmel Studio\6.2\NoEncryptionAttack\Attacker\Attacker\libOS.a(leds.o)
                              Open.o (leds_init)
C:\Users\se414010\Documents\Atmel Studio\6.2\NoEncryptionAttack\Attacker\Attacker\libOS.a(radio.o)
                              Open.o (radio_init)
C:\Users\se414010\Documents\Atmel Studio\6.2\NoEncryptionAttack\Attacker\Attacker\libOS.a(serial.o)
                              Open.o (serial_init)
C:\Users\se414010\Documents\Atmel Studio\6.2\NoEncryptionAttack\Attacker\Attacker\libOS.a(simple_os.o)
                              Open.o (timer_init)
C:\Users\se414010\Documents\Atmel Studio\6.2\NoEncryptionAttack\Attacker\Attacker\libOS.a(hw_timer.o)
                              C:\Users\se414010\Documents\Atmel Studio\6.2\NoEncryptionAttack\Attacker\Attacker\libOS.a(serial.o) (hw_timer_cpuf)
c:/program files/atmel/atmel toolchain/avr8 gcc/native/3.4.1061/avr8-gnu-toolchain/bin/../lib/gcc/avr/4.8.1/avr51\libgcc.a(_mulsi3.o)
                              C:\Users\se414010\Documents\Atmel Studio\6.2\NoEncryptionAttack\Attacker\Attacker\libOS.a(hw_timer.o) (__mulsi3)
c:/program files/atmel/atmel toolchain/avr8 gcc/native/3.4.1061/avr8-gnu-toolchain/bin/../lib/gcc/avr/4.8.1/avr51\libgcc.a(_udivmodsi4.o)
                              C:\Users\se414010\Documents\Atmel Studio\6.2\NoEncryptionAttack\Attacker\Attacker\libOS.a(serial.o) (__udivmodsi4)
c:/program files/atmel/atmel toolchain/avr8 gcc/native/3.4.1061/avr8-gnu-toolchain/bin/../lib/gcc/avr/4.8.1/avr51\libgcc.a(_exit.o)
                              c:/program files/atmel/atmel toolchain/avr8 gcc/native/3.4.1061/avr8-gnu-toolchain/bin/../lib/gcc/avr/4.8.1/../../../../avr/lib/avr51/crtm128rfa1.o (exit)
c:/program files/atmel/atmel toolchain/avr8 gcc/native/3.4.1061/avr8-gnu-toolchain/bin/../lib/gcc/avr/4.8.1/avr51\libgcc.a(_copy_data.o)
                              Open.o (__do_copy_data)
c:/program files/atmel/atmel toolchain/avr8 gcc/native/3.4.1061/avr8-gnu-toolchain/bin/../lib/gcc/avr/4.8.1/avr51\libgcc.a(_clear_bss.o)
                              Open.o (__do_clear_bss)
c:/program files/atmel/atmel toolchain/avr8 gcc/native/3.4.1061/avr8-gnu-toolchain/bin/../lib/gcc/avr/4.8.1/avr51\libgcc.a(_muluhisi3.o)
                              c:/program files/atmel/atmel toolchain/avr8 gcc/native/3.4.1061/avr8-gnu-toolchain/bin/../lib/gcc/avr/4.8.1/avr51\libgcc.a(_mulsi3.o) (__muluhisi3)
c:/program files/atmel/atmel toolchain/avr8 gcc/native/3.4.1061/avr8-gnu-toolchain/bin/../lib/gcc/avr/4.8.1/avr51\libgcc.a(_umulhisi3.o)
                              c:/program files/atmel/atmel toolchain/avr8 gcc/native/3.4.1061/avr8-gnu-toolchain/bin/../lib/gcc/avr/4.8.1/avr51\libgcc.a(_muluhisi3.o) (__umulhisi3)
c:/program files/atmel/atmel toolchain/avr8 gcc/native/3.4.1061/avr8-gnu-toolchain/bin/../lib/gcc/avr/4.8.1/../../../../avr/lib/avr51\libc.a(atol.o)
                              Open.o (atol)
c:/program files/atmel/atmel toolchain/avr8 gcc/native/3.4.1061/avr8-gnu-toolchain/bin/../lib/gcc/avr/4.8.1/../../../../avr/lib/avr51\libc.a(strcmp.o)
                              Open.o (strcmp)
c:/program files/atmel/atmel toolchain/avr8 gcc/native/3.4.1061/avr8-gnu-toolchain/bin/../lib/gcc/avr/4.8.1/../../../../avr/lib/avr51\libc.a(mulsi10.o)
                              c:/program files/atmel/atmel toolchain/avr8 gcc/native/3.4.1061/avr8-gnu-toolchain/bin/../lib/gcc/avr/4.8.1/../../../../avr/lib/avr51\libc.a(atol.o) (__mulsi_const_10)
c:/program files/atmel/atmel toolchain/avr8 gcc/native/3.4.1061/avr8-gnu-toolchain/bin/../lib/gcc/avr/4.8.1/../../../../avr/lib/avr51\libc.a(iob.o)
                              C:\Users\se414010\Documents\Atmel Studio\6.2\NoEncryptionAttack\Attacker\Attacker\libOS.a(serial.o) (__iob)
c:/program files/atmel/atmel toolchain/avr8 gcc/native/3.4.1061/avr8-gnu-toolchain/bin/../lib/gcc/avr/4.8.1/../../../../avr/lib/avr51\libc.a(printf.o)
                              Open.o (printf)
c:/program files/atmel/atmel toolchain/avr8 gcc/native/3.4.1061/avr8-gnu-toolchain/bin/../lib/gcc/avr/4.8.1/../../../../avr/lib/avr51\libc.a(puts.o)
                              Open.o (puts)
c:/program files/atmel/atmel toolchain/avr8 gcc/native/3.4.1061/avr8-gnu-toolchain/bin/../lib/gcc/avr/4.8.1/../../../../avr/lib/avr51\libc.a(sprintf.o)
                              Open.o (sprintf)
c:/program files/atmel/atmel toolchain/avr8 gcc/native/3.4.1061/avr8-gnu-toolchain/bin/../lib/gcc/avr/4.8.1/../../../../avr/lib/avr51\libc.a(vfprintf_std.o)
                              c:/program files/atmel/atmel toolchain/avr8 gcc/native/3.4.1061/avr8-gnu-toolchain/bin/../lib/gcc/avr/4.8.1/../../../../avr/lib/avr51\libc.a(printf.o) (vfprintf)
c:/program files/atmel/atmel toolchain/avr8 gcc/native/3.4.1061/avr8-gnu-toolchain/bin/../lib/gcc/avr/4.8.1/../../../../avr/lib/avr51\libc.a(strnlen_P.o)
                              c:/program files/atmel/atmel toolchain/avr8 gcc/native/3.4.1061/avr8-gnu-toolchain/bin/../lib/gcc/avr/4.8.1/../../../../avr/lib/avr51\libc.a(vfprintf_std.o) (strnlen_P)
c:/program files/atmel/atmel toolchain/avr8 gcc/native/3.4.1061/avr8-gnu-toolchain/bin/../lib/gcc/avr/4.8.1/../../../../avr/lib/avr51\libc.a(strnlen.o)
                              c:/program files/atmel/atmel toolchain/avr8 gcc/native/3.4.1061/avr8-gnu-toolchain/bin/../lib/gcc/avr/4.8.1/../../../../avr/lib/avr51\libc.a(vfprintf_std.o) (strnlen)
c:/program files/atmel/atmel toolchain/avr8 gcc/native/3.4.1061/avr8-gnu-toolchain/bin/../lib/gcc/avr/4.8.1/../../../../avr/lib/avr51\libc.a(fputc.o)
                              c:/program files/atmel/atmel toolchain/avr8 gcc/native/3.4.1061/avr8-gnu-toolchain/bin/../lib/gcc/avr/4.8.1/../../../../avr/lib/avr51\libc.a(vfprintf_std.o) (fputc)
c:/program files/atmel/atmel toolchain/avr8 gcc/native/3.4.1061/avr8-gnu-toolchain/bin/../lib/gcc/avr/4.8.1/../../../../avr/lib/avr51\libc.a(ultoa_invert.o)
                              c:/program files/atmel/atmel toolchain/avr8 gcc/native/3.4.1061/avr8-gnu-toolchain/bin/../lib/gcc/avr/4.8.1/../../../../avr/lib/avr51\libc.a(vfprintf_std.o) (__ultoa_invert)

Allocating common symbols
Common symbol       size              file

j                   0x2               Open.o
temp                0x1               Open.o
tx_buffer           0x80              Open.o
i                   0x2               Open.o
newPkt              0x15              Open.o
__iob               0x6               c:/program files/atmel/atmel toolchain/avr8 gcc/native/3.4.1061/avr8-gnu-toolchain/bin/../lib/gcc/avr/4.8.1/../../../../avr/lib/avr51\libc.a(iob.o)

Discarded input sections

 .data          0x00000000        0x0 c:/program files/atmel/atmel toolchain/avr8 gcc/native/3.4.1061/avr8-gnu-toolchain/bin/../lib/gcc/avr/4.8.1/../../../../avr/lib/avr51/crtm128rfa1.o
 .bss           0x00000000        0x0 c:/program files/atmel/atmel toolchain/avr8 gcc/native/3.4.1061/avr8-gnu-toolchain/bin/../lib/gcc/avr/4.8.1/../../../../avr/lib/avr51/crtm128rfa1.o
 .text          0x00000000        0x0 Open.o
 .data          0x00000000        0x0 Open.o
 .bss           0x00000000        0x0 Open.o
 .data.key      0x00000000        0x2 Open.o
 .data          0x00000000        0x0 C:\Users\se414010\Documents\Atmel Studio\6.2\NoEncryptionAttack\Attacker\Attacker\libOS.a(button.o)
 .bss           0x00000000        0x0 C:\Users\se414010\Documents\Atmel Studio\6.2\NoEncryptionAttack\Attacker\Attacker\libOS.a(button.o)
 .data          0x00000000        0x0 C:\Users\se414010\Documents\Atmel Studio\6.2\NoEncryptionAttack\Attacker\Attacker\libOS.a(leds.o)
 .bss           0x00000000        0x0 C:\Users\se414010\Documents\Atmel Studio\6.2\NoEncryptionAttack\Attacker\Attacker\libOS.a(leds.o)
 .data          0x00000000        0x0 C:\Users\se414010\Documents\Atmel Studio\6.2\NoEncryptionAttack\Attacker\Attacker\libOS.a(simple_os.o)
 .data          0x00000000        0x0 C:\Users\se414010\Documents\Atmel Studio\6.2\NoEncryptionAttack\Attacker\Attacker\libOS.a(hw_timer.o)
 .text          0x00000000        0x0 c:/program files/atmel/atmel toolchain/avr8 gcc/native/3.4.1061/avr8-gnu-toolchain/bin/../lib/gcc/avr/4.8.1/avr51\libgcc.a(_mulsi3.o)
 .data          0x00000000        0x0 c:/program files/atmel/atmel toolchain/avr8 gcc/native/3.4.1061/avr8-gnu-toolchain/bin/../lib/gcc/avr/4.8.1/avr51\libgcc.a(_mulsi3.o)
 .bss           0x00000000        0x0 c:/program files/atmel/atmel toolchain/avr8 gcc/native/3.4.1061/avr8-gnu-toolchain/bin/../lib/gcc/avr/4.8.1/avr51\libgcc.a(_mulsi3.o)
 .text.libgcc.div
                0x00000000        0x0 c:/program files/atmel/atmel toolchain/avr8 gcc/native/3.4.1061/avr8-gnu-toolchain/bin/../lib/gcc/avr/4.8.1/avr51\libgcc.a(_mulsi3.o)
 .text.libgcc   0x00000000        0x0 c:/program files/atmel/atmel toolchain/avr8 gcc/native/3.4.1061/avr8-gnu-toolchain/bin/../lib/gcc/avr/4.8.1/avr51\libgcc.a(_mulsi3.o)
 .text.libgcc.prologue
                0x00000000        0x0 c:/program files/atmel/atmel toolchain/avr8 gcc/native/3.4.1061/avr8-gnu-toolchain/bin/../lib/gcc/avr/4.8.1/avr51\libgcc.a(_mulsi3.o)
 .text.libgcc.builtins
                0x00000000        0x0 c:/program files/atmel/atmel toolchain/avr8 gcc/native/3.4.1061/avr8-gnu-toolchain/bin/../lib/gcc/avr/4.8.1/avr51\libgcc.a(_mulsi3.o)
 .text.libgcc.fmul
                0x00000000        0x0 c:/program files/atmel/atmel toolchain/avr8 gcc/native/3.4.1061/avr8-gnu-toolchain/bin/../lib/gcc/avr/4.8.1/avr51\libgcc.a(_mulsi3.o)
 .text.libgcc.fixed
                0x00000000        0x0 c:/program files/atmel/atmel toolchain/avr8 gcc/native/3.4.1061/avr8-gnu-toolchain/bin/../lib/gcc/avr/4.8.1/avr51\libgcc.a(_mulsi3.o)
 .text          0x00000000        0x0 c:/program files/atmel/atmel toolchain/avr8 gcc/native/3.4.1061/avr8-gnu-toolchain/bin/../lib/gcc/avr/4.8.1/avr51\libgcc.a(_udivmodsi4.o)
 .data          0x00000000        0x0 c:/program files/atmel/atmel toolchain/avr8 gcc/native/3.4.1061/avr8-gnu-toolchain/bin/../lib/gcc/avr/4.8.1/avr51\libgcc.a(_udivmodsi4.o)
 .bss           0x00000000        0x0 c:/program files/atmel/atmel toolchain/avr8 gcc/native/3.4.1061/avr8-gnu-toolchain/bin/../lib/gcc/avr/4.8.1/avr51\libgcc.a(_udivmodsi4.o)
 .text.libgcc.mul
                0x00000000        0x0 c:/program files/atmel/atmel toolchain/avr8 gcc/native/3.4.1061/avr8-gnu-toolchain/bin/../lib/gcc/avr/4.8.1/avr51\libgcc.a(_udivmodsi4.o)
 .text.libgcc   0x00000000        0x0 c:/program files/atmel/atmel toolchain/avr8 gcc/native/3.4.1061/avr8-gnu-toolchain/bin/../lib/gcc/avr/4.8.1/avr51\libgcc.a(_udivmodsi4.o)
 .text.libgcc.prologue
                0x00000000        0x0 c:/program files/atmel/atmel toolchain/avr8 gcc/native/3.4.1061/avr8-gnu-toolchain/bin/../lib/gcc/avr/4.8.1/avr51\libgcc.a(_udivmodsi4.o)
 .text.libgcc.builtins
                0x00000000        0x0 c:/program files/atmel/atmel toolchain/avr8 gcc/native/3.4.1061/avr8-gnu-toolchain/bin/../lib/gcc/avr/4.8.1/avr51\libgcc.a(_udivmodsi4.o)
 .text.libgcc.fmul
                0x00000000        0x0 c:/program files/atmel/atmel toolchain/avr8 gcc/native/3.4.1061/avr8-gnu-toolchain/bin/../lib/gcc/avr/4.8.1/avr51\libgcc.a(_udivmodsi4.o)
 .text.libgcc.fixed
                0x00000000        0x0 c:/program files/atmel/atmel toolchain/avr8 gcc/native/3.4.1061/avr8-gnu-toolchain/bin/../lib/gcc/avr/4.8.1/avr51\libgcc.a(_udivmodsi4.o)
 .text          0x00000000        0x0 c:/program files/atmel/atmel toolchain/avr8 gcc/native/3.4.1061/avr8-gnu-toolchain/bin/../lib/gcc/avr/4.8.1/avr51\libgcc.a(_exit.o)
 .data          0x00000000        0x0 c:/program files/atmel/atmel toolchain/avr8 gcc/native/3.4.1061/avr8-gnu-toolchain/bin/../lib/gcc/avr/4.8.1/avr51\libgcc.a(_exit.o)
 .bss           0x00000000        0x0 c:/program files/atmel/atmel toolchain/avr8 gcc/native/3.4.1061/avr8-gnu-toolchain/bin/../lib/gcc/avr/4.8.1/avr51\libgcc.a(_exit.o)
 .text.libgcc.mul
                0x00000000        0x0 c:/program files/atmel/atmel toolchain/avr8 gcc/native/3.4.1061/avr8-gnu-toolchain/bin/../lib/gcc/avr/4.8.1/avr51\libgcc.a(_exit.o)
 .text.libgcc.div
                0x00000000        0x0 c:/program files/atmel/atmel toolchain/avr8 gcc/native/3.4.1061/avr8-gnu-toolchain/bin/../lib/gcc/avr/4.8.1/avr51\libgcc.a(_exit.o)
 .text.libgcc   0x00000000        0x0 c:/program files/atmel/atmel toolchain/avr8 gcc/native/3.4.1061/avr8-gnu-toolchain/bin/../lib/gcc/avr/4.8.1/avr51\libgcc.a(_exit.o)
 .text.libgcc.prologue
                0x00000000        0x0 c:/program files/atmel/atmel toolchain/avr8 gcc/native/3.4.1061/avr8-gnu-toolchain/bin/../lib/gcc/avr/4.8.1/avr51\libgcc.a(_exit.o)
 .text.libgcc.builtins
                0x00000000        0x0 c:/program files/atmel/atmel toolchain/avr8 gcc/native/3.4.1061/avr8-gnu-toolchain/bin/../lib/gcc/avr/4.8.1/avr51\libgcc.a(_exit.o)
 .text.libgcc.fmul
                0x00000000        0x0 c:/program files/atmel/atmel toolchain/avr8 gcc/native/3.4.1061/avr8-gnu-toolchain/bin/../lib/gcc/avr/4.8.1/avr51\libgcc.a(_exit.o)
 .text.libgcc.fixed
                0x00000000        0x0 c:/program files/atmel/atmel toolchain/avr8 gcc/native/3.4.1061/avr8-gnu-toolchain/bin/../lib/gcc/avr/4.8.1/avr51\libgcc.a(_exit.o)
 .text          0x00000000        0x0 c:/program files/atmel/atmel toolchain/avr8 gcc/native/3.4.1061/avr8-gnu-toolchain/bin/../lib/gcc/avr/4.8.1/avr51\libgcc.a(_copy_data.o)
 .data          0x00000000        0x0 c:/program files/atmel/atmel toolchain/avr8 gcc/native/3.4.1061/avr8-gnu-toolchain/bin/../lib/gcc/avr/4.8.1/avr51\libgcc.a(_copy_data.o)
 .bss           0x00000000        0x0 c:/program files/atmel/atmel toolchain/avr8 gcc/native/3.4.1061/avr8-gnu-toolchain/bin/../lib/gcc/avr/4.8.1/avr51\libgcc.a(_copy_data.o)
 .text.libgcc.mul
                0x00000000        0x0 c:/program files/atmel/atmel toolchain/avr8 gcc/native/3.4.1061/avr8-gnu-toolchain/bin/../lib/gcc/avr/4.8.1/avr51\libgcc.a(_copy_data.o)
 .text.libgcc.div
                0x00000000        0x0 c:/program files/atmel/atmel toolchain/avr8 gcc/native/3.4.1061/avr8-gnu-toolchain/bin/../lib/gcc/avr/4.8.1/avr51\libgcc.a(_copy_data.o)
 .text.libgcc   0x00000000        0x0 c:/program files/atmel/atmel toolchain/avr8 gcc/native/3.4.1061/avr8-gnu-toolchain/bin/../lib/gcc/avr/4.8.1/avr51\libgcc.a(_copy_data.o)
 .text.libgcc.prologue
                0x00000000        0x0 c:/program files/atmel/atmel toolchain/avr8 gcc/native/3.4.1061/avr8-gnu-toolchain/bin/../lib/gcc/avr/4.8.1/avr51\libgcc.a(_copy_data.o)
 .text.libgcc.builtins
                0x00000000        0x0 c:/program files/atmel/atmel toolchain/avr8 gcc/native/3.4.1061/avr8-gnu-toolchain/bin/../lib/gcc/avr/4.8.1/avr51\libgcc.a(_copy_data.o)
 .text.libgcc.fmul
                0x00000000        0x0 c:/program files/atmel/atmel toolchain/avr8 gcc/native/3.4.1061/avr8-gnu-toolchain/bin/../lib/gcc/avr/4.8.1/avr51\libgcc.a(_copy_data.o)
 .text.libgcc.fixed
                0x00000000        0x0 c:/program files/atmel/atmel toolchain/avr8 gcc/native/3.4.1061/avr8-gnu-toolchain/bin/../lib/gcc/avr/4.8.1/avr51\libgcc.a(_copy_data.o)
 .text          0x00000000        0x0 c:/program files/atmel/atmel toolchain/avr8 gcc/native/3.4.1061/avr8-gnu-toolchain/bin/../lib/gcc/avr/4.8.1/avr51\libgcc.a(_clear_bss.o)
 .data          0x00000000        0x0 c:/program files/atmel/atmel toolchain/avr8 gcc/native/3.4.1061/avr8-gnu-toolchain/bin/../lib/gcc/avr/4.8.1/avr51\libgcc.a(_clear_bss.o)
 .bss           0x00000000        0x0 c:/program files/atmel/atmel toolchain/avr8 gcc/native/3.4.1061/avr8-gnu-toolchain/bin/../lib/gcc/avr/4.8.1/avr51\libgcc.a(_clear_bss.o)
 .text.libgcc.mul
                0x00000000        0x0 c:/program files/atmel/atmel toolchain/avr8 gcc/native/3.4.1061/avr8-gnu-toolchain/bin/../lib/gcc/avr/4.8.1/avr51\libgcc.a(_clear_bss.o)
 .text.libgcc.div
                0x00000000        0x0 c:/program files/atmel/atmel toolchain/avr8 gcc/native/3.4.1061/avr8-gnu-toolchain/bin/../lib/gcc/avr/4.8.1/avr51\libgcc.a(_clear_bss.o)
 .text.libgcc   0x00000000        0x0 c:/program files/atmel/atmel toolchain/avr8 gcc/native/3.4.1061/avr8-gnu-toolchain/bin/../lib/gcc/avr/4.8.1/avr51\libgcc.a(_clear_bss.o)
 .text.libgcc.prologue
                0x00000000        0x0 c:/program files/atmel/atmel toolchain/avr8 gcc/native/3.4.1061/avr8-gnu-toolchain/bin/../lib/gcc/avr/4.8.1/avr51\libgcc.a(_clear_bss.o)
 .text.libgcc.builtins
                0x00000000        0x0 c:/program files/atmel/atmel toolchain/avr8 gcc/native/3.4.1061/avr8-gnu-toolchain/bin/../lib/gcc/avr/4.8.1/avr51\libgcc.a(_clear_bss.o)
 .text.libgcc.fmul
                0x00000000        0x0 c:/program files/atmel/atmel toolchain/avr8 gcc/native/3.4.1061/avr8-gnu-toolchain/bin/../lib/gcc/avr/4.8.1/avr51\libgcc.a(_clear_bss.o)
 .text.libgcc.fixed
                0x00000000        0x0 c:/program files/atmel/atmel toolchain/avr8 gcc/native/3.4.1061/avr8-gnu-toolchain/bin/../lib/gcc/avr/4.8.1/avr51\libgcc.a(_clear_bss.o)
 .text          0x00000000        0x0 c:/program files/atmel/atmel toolchain/avr8 gcc/native/3.4.1061/avr8-gnu-toolchain/bin/../lib/gcc/avr/4.8.1/avr51\libgcc.a(_muluhisi3.o)
 .data          0x00000000        0x0 c:/program files/atmel/atmel toolchain/avr8 gcc/native/3.4.1061/avr8-gnu-toolchain/bin/../lib/gcc/avr/4.8.1/avr51\libgcc.a(_muluhisi3.o)
 .bss           0x00000000        0x0 c:/program files/atmel/atmel toolchain/avr8 gcc/native/3.4.1061/avr8-gnu-toolchain/bin/../lib/gcc/avr/4.8.1/avr51\libgcc.a(_muluhisi3.o)
 .text.libgcc.div
                0x00000000        0x0 c:/program files/atmel/atmel toolchain/avr8 gcc/native/3.4.1061/avr8-gnu-toolchain/bin/../lib/gcc/avr/4.8.1/avr51\libgcc.a(_muluhisi3.o)
 .text.libgcc   0x00000000        0x0 c:/program files/atmel/atmel toolchain/avr8 gcc/native/3.4.1061/avr8-gnu-toolchain/bin/../lib/gcc/avr/4.8.1/avr51\libgcc.a(_muluhisi3.o)
 .text.libgcc.prologue
                0x00000000        0x0 c:/program files/atmel/atmel toolchain/avr8 gcc/native/3.4.1061/avr8-gnu-toolchain/bin/../lib/gcc/avr/4.8.1/avr51\libgcc.a(_muluhisi3.o)
 .text.libgcc.builtins
                0x00000000        0x0 c:/program files/atmel/atmel toolchain/avr8 gcc/native/3.4.1061/avr8-gnu-toolchain/bin/../lib/gcc/avr/4.8.1/avr51\libgcc.a(_muluhisi3.o)
 .text.libgcc.fmul
                0x00000000        0x0 c:/program files/atmel/atmel toolchain/avr8 gcc/native/3.4.1061/avr8-gnu-toolchain/bin/../lib/gcc/avr/4.8.1/avr51\libgcc.a(_muluhisi3.o)
 .text.libgcc.fixed
                0x00000000        0x0 c:/program files/atmel/atmel toolchain/avr8 gcc/native/3.4.1061/avr8-gnu-toolchain/bin/../lib/gcc/avr/4.8.1/avr51\libgcc.a(_muluhisi3.o)
 .text          0x00000000        0x0 c:/program files/atmel/atmel toolchain/avr8 gcc/native/3.4.1061/avr8-gnu-toolchain/bin/../lib/gcc/avr/4.8.1/avr51\libgcc.a(_umulhisi3.o)
 .data          0x00000000        0x0 c:/program files/atmel/atmel toolchain/avr8 gcc/native/3.4.1061/avr8-gnu-toolchain/bin/../lib/gcc/avr/4.8.1/avr51\libgcc.a(_umulhisi3.o)
 .bss           0x00000000        0x0 c:/program files/atmel/atmel toolchain/avr8 gcc/native/3.4.1061/avr8-gnu-toolchain/bin/../lib/gcc/avr/4.8.1/avr51\libgcc.a(_umulhisi3.o)
 .text.libgcc.div
                0x00000000        0x0 c:/program files/atmel/atmel toolchain/avr8 gcc/native/3.4.1061/avr8-gnu-toolchain/bin/../lib/gcc/avr/4.8.1/avr51\libgcc.a(_umulhisi3.o)
 .text.libgcc   0x00000000        0x0 c:/program files/atmel/atmel toolchain/avr8 gcc/native/3.4.1061/avr8-gnu-toolchain/bin/../lib/gcc/avr/4.8.1/avr51\libgcc.a(_umulhisi3.o)
 .text.libgcc.prologue
                0x00000000        0x0 c:/program files/atmel/atmel toolchain/avr8 gcc/native/3.4.1061/avr8-gnu-toolchain/bin/../lib/gcc/avr/4.8.1/avr51\libgcc.a(_umulhisi3.o)
 .text.libgcc.builtins
                0x00000000        0x0 c:/program files/atmel/atmel toolchain/avr8 gcc/native/3.4.1061/avr8-gnu-toolchain/bin/../lib/gcc/avr/4.8.1/avr51\libgcc.a(_umulhisi3.o)
 .text.libgcc.fmul
                0x00000000        0x0 c:/program files/atmel/atmel toolchain/avr8 gcc/native/3.4.1061/avr8-gnu-toolchain/bin/../lib/gcc/avr/4.8.1/avr51\libgcc.a(_umulhisi3.o)
 .text.libgcc.fixed
                0x00000000        0x0 c:/program files/atmel/atmel toolchain/avr8 gcc/native/3.4.1061/avr8-gnu-toolchain/bin/../lib/gcc/avr/4.8.1/avr51\libgcc.a(_umulhisi3.o)
 .text          0x00000000        0x0 c:/program files/atmel/atmel toolchain/avr8 gcc/native/3.4.1061/avr8-gnu-toolchain/bin/../lib/gcc/avr/4.8.1/../../../../avr/lib/avr51\libc.a(atol.o)
 .data          0x00000000        0x0 c:/program files/atmel/atmel toolchain/avr8 gcc/native/3.4.1061/avr8-gnu-toolchain/bin/../lib/gcc/avr/4.8.1/../../../../avr/lib/avr51\libc.a(atol.o)
 .bss           0x00000000        0x0 c:/program files/atmel/atmel toolchain/avr8 gcc/native/3.4.1061/avr8-gnu-toolchain/bin/../lib/gcc/avr/4.8.1/../../../../avr/lib/avr51\libc.a(atol.o)
 .text          0x00000000        0x0 c:/program files/atmel/atmel toolchain/avr8 gcc/native/3.4.1061/avr8-gnu-toolchain/bin/../lib/gcc/avr/4.8.1/../../../../avr/lib/avr51\libc.a(strcmp.o)
 .data          0x00000000        0x0 c:/program files/atmel/atmel toolchain/avr8 gcc/native/3.4.1061/avr8-gnu-toolchain/bin/../lib/gcc/avr/4.8.1/../../../../avr/lib/avr51\libc.a(strcmp.o)
 .bss           0x00000000        0x0 c:/program files/atmel/atmel toolchain/avr8 gcc/native/3.4.1061/avr8-gnu-toolchain/bin/../lib/gcc/avr/4.8.1/../../../../avr/lib/avr51\libc.a(strcmp.o)
 .text          0x00000000        0x0 c:/program files/atmel/atmel toolchain/avr8 gcc/native/3.4.1061/avr8-gnu-toolchain/bin/../lib/gcc/avr/4.8.1/../../../../avr/lib/avr51\libc.a(mulsi10.o)
 .data          0x00000000        0x0 c:/program files/atmel/atmel toolchain/avr8 gcc/native/3.4.1061/avr8-gnu-toolchain/bin/../lib/gcc/avr/4.8.1/../../../../avr/lib/avr51\libc.a(mulsi10.o)
 .bss           0x00000000        0x0 c:/program files/atmel/atmel toolchain/avr8 gcc/native/3.4.1061/avr8-gnu-toolchain/bin/../lib/gcc/avr/4.8.1/../../../../avr/lib/avr51\libc.a(mulsi10.o)
 .text          0x00000000        0x0 c:/program files/atmel/atmel toolchain/avr8 gcc/native/3.4.1061/avr8-gnu-toolchain/bin/../lib/gcc/avr/4.8.1/../../../../avr/lib/avr51\libc.a(iob.o)
 .data          0x00000000        0x0 c:/program files/atmel/atmel toolchain/avr8 gcc/native/3.4.1061/avr8-gnu-toolchain/bin/../lib/gcc/avr/4.8.1/../../../../avr/lib/avr51\libc.a(iob.o)
 .bss           0x00000000        0x0 c:/program files/atmel/atmel toolchain/avr8 gcc/native/3.4.1061/avr8-gnu-toolchain/bin/../lib/gcc/avr/4.8.1/../../../../avr/lib/avr51\libc.a(iob.o)
 .text          0x00000000        0x0 c:/program files/atmel/atmel toolchain/avr8 gcc/native/3.4.1061/avr8-gnu-toolchain/bin/../lib/gcc/avr/4.8.1/../../../../avr/lib/avr51\libc.a(printf.o)
 .data          0x00000000        0x0 c:/program files/atmel/atmel toolchain/avr8 gcc/native/3.4.1061/avr8-gnu-toolchain/bin/../lib/gcc/avr/4.8.1/../../../../avr/lib/avr51\libc.a(printf.o)
 .bss           0x00000000        0x0 c:/program files/atmel/atmel toolchain/avr8 gcc/native/3.4.1061/avr8-gnu-toolchain/bin/../lib/gcc/avr/4.8.1/../../../../avr/lib/avr51\libc.a(printf.o)
 .text          0x00000000        0x0 c:/program files/atmel/atmel toolchain/avr8 gcc/native/3.4.1061/avr8-gnu-toolchain/bin/../lib/gcc/avr/4.8.1/../../../../avr/lib/avr51\libc.a(puts.o)
 .data          0x00000000        0x0 c:/program files/atmel/atmel toolchain/avr8 gcc/native/3.4.1061/avr8-gnu-toolchain/bin/../lib/gcc/avr/4.8.1/../../../../avr/lib/avr51\libc.a(puts.o)
 .bss           0x00000000        0x0 c:/program files/atmel/atmel toolchain/avr8 gcc/native/3.4.1061/avr8-gnu-toolchain/bin/../lib/gcc/avr/4.8.1/../../../../avr/lib/avr51\libc.a(puts.o)
 .text          0x00000000        0x0 c:/program files/atmel/atmel toolchain/avr8 gcc/native/3.4.1061/avr8-gnu-toolchain/bin/../lib/gcc/avr/4.8.1/../../../../avr/lib/avr51\libc.a(sprintf.o)
 .data          0x00000000        0x0 c:/program files/atmel/atmel toolchain/avr8 gcc/native/3.4.1061/avr8-gnu-toolchain/bin/../lib/gcc/avr/4.8.1/../../../../avr/lib/avr51\libc.a(sprintf.o)
 .bss           0x00000000        0x0 c:/program files/atmel/atmel toolchain/avr8 gcc/native/3.4.1061/avr8-gnu-toolchain/bin/../lib/gcc/avr/4.8.1/../../../../avr/lib/avr51\libc.a(sprintf.o)
 .text          0x00000000        0x0 c:/program files/atmel/atmel toolchain/avr8 gcc/native/3.4.1061/avr8-gnu-toolchain/bin/../lib/gcc/avr/4.8.1/../../../../avr/lib/avr51\libc.a(vfprintf_std.o)
 .data          0x00000000        0x0 c:/program files/atmel/atmel toolchain/avr8 gcc/native/3.4.1061/avr8-gnu-toolchain/bin/../lib/gcc/avr/4.8.1/../../../../avr/lib/avr51\libc.a(vfprintf_std.o)
 .bss           0x00000000        0x0 c:/program files/atmel/atmel toolchain/avr8 gcc/native/3.4.1061/avr8-gnu-toolchain/bin/../lib/gcc/avr/4.8.1/../../../../avr/lib/avr51\libc.a(vfprintf_std.o)
 .text          0x00000000        0x0 c:/program files/atmel/atmel toolchain/avr8 gcc/native/3.4.1061/avr8-gnu-toolchain/bin/../lib/gcc/avr/4.8.1/../../../../avr/lib/avr51\libc.a(strnlen_P.o)
 .data          0x00000000        0x0 c:/program files/atmel/atmel toolchain/avr8 gcc/native/3.4.1061/avr8-gnu-toolchain/bin/../lib/gcc/avr/4.8.1/../../../../avr/lib/avr51\libc.a(strnlen_P.o)
 .bss           0x00000000        0x0 c:/program files/atmel/atmel toolchain/avr8 gcc/native/3.4.1061/avr8-gnu-toolchain/bin/../lib/gcc/avr/4.8.1/../../../../avr/lib/avr51\libc.a(strnlen_P.o)
 .text          0x00000000        0x0 c:/program files/atmel/atmel toolchain/avr8 gcc/native/3.4.1061/avr8-gnu-toolchain/bin/../lib/gcc/avr/4.8.1/../../../../avr/lib/avr51\libc.a(strnlen.o)
 .data          0x00000000        0x0 c:/program files/atmel/atmel toolchain/avr8 gcc/native/3.4.1061/avr8-gnu-toolchain/bin/../lib/gcc/avr/4.8.1/../../../../avr/lib/avr51\libc.a(strnlen.o)
 .bss           0x00000000        0x0 c:/program files/atmel/atmel toolchain/avr8 gcc/native/3.4.1061/avr8-gnu-toolchain/bin/../lib/gcc/avr/4.8.1/../../../../avr/lib/avr51\libc.a(strnlen.o)
 .text          0x00000000        0x0 c:/program files/atmel/atmel toolchain/avr8 gcc/native/3.4.1061/avr8-gnu-toolchain/bin/../lib/gcc/avr/4.8.1/../../../../avr/lib/avr51\libc.a(fputc.o)
 .data          0x00000000        0x0 c:/program files/atmel/atmel toolchain/avr8 gcc/native/3.4.1061/avr8-gnu-toolchain/bin/../lib/gcc/avr/4.8.1/../../../../avr/lib/avr51\libc.a(fputc.o)
 .bss           0x00000000        0x0 c:/program files/atmel/atmel toolchain/avr8 gcc/native/3.4.1061/avr8-gnu-toolchain/bin/../lib/gcc/avr/4.8.1/../../../../avr/lib/avr51\libc.a(fputc.o)
 .text          0x00000000        0x0 c:/program files/atmel/atmel toolchain/avr8 gcc/native/3.4.1061/avr8-gnu-toolchain/bin/../lib/gcc/avr/4.8.1/../../../../avr/lib/avr51\libc.a(ultoa_invert.o)
 .data          0x00000000        0x0 c:/program files/atmel/atmel toolchain/avr8 gcc/native/3.4.1061/avr8-gnu-toolchain/bin/../lib/gcc/avr/4.8.1/../../../../avr/lib/avr51\libc.a(ultoa_invert.o)
 .bss           0x00000000        0x0 c:/program files/atmel/atmel toolchain/avr8 gcc/native/3.4.1061/avr8-gnu-toolchain/bin/../lib/gcc/avr/4.8.1/../../../../avr/lib/avr51\libc.a(ultoa_invert.o)

Memory Configuration

Name             Origin             Length             Attributes
text             0x00000000         0x00020000         xr
data             0x00800100         0x0000ff00         rw !x
eeprom           0x00810000         0x00010000         rw !x
fuse             0x00820000         0x00000400         rw !x
lock             0x00830000         0x00000400         rw !x
signature        0x00840000         0x00000400         rw !x
user_signatures  0x00850000         0x00000400         rw !x
*default*        0x00000000         0xffffffff

Linker script and memory map

Address of section .data set to 0x800200
LOAD c:/program files/atmel/atmel toolchain/avr8 gcc/native/3.4.1061/avr8-gnu-toolchain/bin/../lib/gcc/avr/4.8.1/../../../../avr/lib/avr51/crtm128rfa1.o
LOAD Open.o
START GROUP
LOAD c:/program files/atmel/atmel toolchain/avr8 gcc/native/3.4.1061/avr8-gnu-toolchain/bin/../lib/gcc/avr/4.8.1/../../../../avr/lib/avr51\libm.a
LOAD C:\Users\se414010\Documents\Atmel Studio\6.2\NoEncryptionAttack\Attacker\Attacker\libOS.a
END GROUP
START GROUP
LOAD c:/program files/atmel/atmel toolchain/avr8 gcc/native/3.4.1061/avr8-gnu-toolchain/bin/../lib/gcc/avr/4.8.1/avr51\libgcc.a
LOAD c:/program files/atmel/atmel toolchain/avr8 gcc/native/3.4.1061/avr8-gnu-toolchain/bin/../lib/gcc/avr/4.8.1/../../../../avr/lib/avr51\libm.a
LOAD c:/program files/atmel/atmel toolchain/avr8 gcc/native/3.4.1061/avr8-gnu-toolchain/bin/../lib/gcc/avr/4.8.1/../../../../avr/lib/avr51\libc.a
END GROUP

.hash
 *(.hash)

.dynsym
 *(.dynsym)

.dynstr
 *(.dynstr)

.gnu.version
 *(.gnu.version)

.gnu.version_d
 *(.gnu.version_d)

.gnu.version_r
 *(.gnu.version_r)

.rel.init
 *(.rel.init)

.rela.init
 *(.rela.init)

.rel.text
 *(.rel.text)
 *(.rel.text.*)
 *(.rel.gnu.linkonce.t*)

.rela.text
 *(.rela.text)
 *(.rela.text.*)
 *(.rela.gnu.linkonce.t*)

.rel.fini
 *(.rel.fini)

.rela.fini
 *(.rela.fini)

.rel.rodata
 *(.rel.rodata)
 *(.rel.rodata.*)
 *(.rel.gnu.linkonce.r*)

.rela.rodata
 *(.rela.rodata)
 *(.rela.rodata.*)
 *(.rela.gnu.linkonce.r*)

.rel.data
 *(.rel.data)
 *(.rel.data.*)
 *(.rel.gnu.linkonce.d*)

.rela.data
 *(.rela.data)
 *(.rela.data.*)
 *(.rela.gnu.linkonce.d*)

.rel.ctors
 *(.rel.ctors)

.rela.ctors
 *(.rela.ctors)

.rel.dtors
 *(.rel.dtors)

.rela.dtors
 *(.rela.dtors)

.rel.got
 *(.rel.got)

.rela.got
 *(.rela.got)

.rel.bss
 *(.rel.bss)

.rela.bss
 *(.rela.bss)

.rel.plt
 *(.rel.plt)

.rela.plt
 *(.rela.plt)

.text           0x00000000     0x169a
 *(.vectors)
 .vectors       0x00000000      0x120 c:/program files/atmel/atmel toolchain/avr8 gcc/native/3.4.1061/avr8-gnu-toolchain/bin/../lib/gcc/avr/4.8.1/../../../../avr/lib/avr51/crtm128rfa1.o
                0x00000000                __vector_default
                0x00000000                __vectors
 *(.vectors)
 *(.progmem.gcc*)
                0x00000120                . = ALIGN (0x2)
                0x00000120                __trampolines_start = .
 *(.trampolines)
 .trampolines   0x00000120        0x0 linker stubs
 *(.trampolines*)
                0x00000120                __trampolines_end = .
 *(.progmem*)
                0x00000120                . = ALIGN (0x2)
 *(.jumptables)
 *(.jumptables*)
 *(.lowtext)
 *(.lowtext*)
                0x00000120                __ctors_start = .
 *(.ctors)
                0x00000120                __ctors_end = .
                0x00000120                __dtors_start = .
 *(.dtors)
                0x00000120                __dtors_end = .
 SORT(*)(.ctors)
 SORT(*)(.dtors)
 *(.init0)
 .init0         0x00000120        0x0 c:/program files/atmel/atmel toolchain/avr8 gcc/native/3.4.1061/avr8-gnu-toolchain/bin/../lib/gcc/avr/4.8.1/../../../../avr/lib/avr51/crtm128rfa1.o
                0x00000120                __init
 *(.init0)
 *(.init1)
 *(.init1)
 *(.init2)
 .init2         0x00000120        0xc c:/program files/atmel/atmel toolchain/avr8 gcc/native/3.4.1061/avr8-gnu-toolchain/bin/../lib/gcc/avr/4.8.1/../../../../avr/lib/avr51/crtm128rfa1.o
 *(.init2)
 *(.init3)
 *(.init3)
 *(.init4)
 .init4         0x0000012c       0x1a c:/program files/atmel/atmel toolchain/avr8 gcc/native/3.4.1061/avr8-gnu-toolchain/bin/../lib/gcc/avr/4.8.1/avr51\libgcc.a(_copy_data.o)
                0x0000012c                __do_copy_data
 .init4         0x00000146       0x10 c:/program files/atmel/atmel toolchain/avr8 gcc/native/3.4.1061/avr8-gnu-toolchain/bin/../lib/gcc/avr/4.8.1/avr51\libgcc.a(_clear_bss.o)
                0x00000146                __do_clear_bss
 *(.init4)
 *(.init5)
 *(.init5)
 *(.init6)
 *(.init6)
 *(.init7)
 *(.init7)
 *(.init8)
 *(.init8)
 *(.init9)
 .init9         0x00000156        0x6 c:/program files/atmel/atmel toolchain/avr8 gcc/native/3.4.1061/avr8-gnu-toolchain/bin/../lib/gcc/avr/4.8.1/../../../../avr/lib/avr51/crtm128rfa1.o
 *(.init9)
 *(.text)
 .text          0x0000015c        0x2 c:/program files/atmel/atmel toolchain/avr8 gcc/native/3.4.1061/avr8-gnu-toolchain/bin/../lib/gcc/avr/4.8.1/../../../../avr/lib/avr51/crtm128rfa1.o
                0x0000015c                __vector_38
                0x0000015c                __vector_22
                0x0000015c                __vector_63
                0x0000015c                __vector_28
                0x0000015c                __vector_67
                0x0000015c                __vector_1
                0x0000015c                __vector_32
                0x0000015c                __vector_71
                0x0000015c                __vector_34
                0x0000015c                __vector_62
                0x0000015c                __vector_24
                0x0000015c                __vector_12
                0x0000015c                __vector_55
                0x0000015c                __vector_69
                0x0000015c                __vector_46
                0x0000015c                __bad_interrupt
                0x0000015c                __vector_6
                0x0000015c                __vector_31
                0x0000015c                __vector_35
                0x0000015c                __vector_39
                0x0000015c                __vector_3
                0x0000015c                __vector_23
                0x0000015c                __vector_68
                0x0000015c                __vector_30
                0x0000015c                __vector_45
                0x0000015c                __vector_25
                0x0000015c                __vector_61
                0x0000015c                __vector_11
                0x0000015c                __vector_54
                0x0000015c                __vector_13
                0x0000015c                __vector_17
                0x0000015c                __vector_19
                0x0000015c                __vector_56
                0x0000015c                __vector_7
                0x0000015c                __vector_49
                0x0000015c                __vector_41
                0x0000015c                __vector_64
                0x0000015c                __vector_43
                0x0000015c                __vector_27
                0x0000015c                __vector_5
                0x0000015c                __vector_33
                0x0000015c                __vector_47
                0x0000015c                __vector_52
                0x0000015c                __vector_37
                0x0000015c                __vector_4
                0x0000015c                __vector_44
                0x0000015c                __vector_51
                0x0000015c                __vector_9
                0x0000015c                __vector_2
                0x0000015c                __vector_21
                0x0000015c                __vector_15
                0x0000015c                __vector_66
                0x0000015c                __vector_36
                0x0000015c                __vector_58
                0x0000015c                __vector_70
                0x0000015c                __vector_29
                0x0000015c                __vector_60
                0x0000015c                __vector_40
                0x0000015c                __vector_8
                0x0000015c                __vector_26
                0x0000015c                __vector_48
                0x0000015c                __vector_14
                0x0000015c                __vector_57
                0x0000015c                __vector_53
                0x0000015c                __vector_10
                0x0000015c                __vector_50
                0x0000015c                __vector_16
                0x0000015c                __vector_59
                0x0000015c                __vector_18
                0x0000015c                __vector_20
                0x0000015c                __vector_42
                0x0000015c                __vector_65
 .text          0x0000015e       0x16 C:\Users\se414010\Documents\Atmel Studio\6.2\NoEncryptionAttack\Attacker\Attacker\libOS.a(button.o)
                0x0000015e                button_init
                0x00000164                button_pressed
                0x0000016c                button_released
 .text          0x00000174       0x3e C:\Users\se414010\Documents\Atmel Studio\6.2\NoEncryptionAttack\Attacker\Attacker\libOS.a(leds.o)
                0x00000174                leds_init
                0x00000182                leds_on
                0x0000019a                leds_off
 .text          0x000001b2      0x2fa C:\Users\se414010\Documents\Atmel Studio\6.2\NoEncryptionAttack\Attacker\Attacker\libOS.a(radio.o)
                0x000001b2                radio_init
                0x0000022e                radio_start
                0x00000252                radio_tx_done
                0x0000025c                radio_send
                0x00000326                radio_rxed
                0x00000332                radio_recv
                0x00000462                radio_set_power
                0x00000472                radio_rssi
                0x00000486                radio_max_rssi
                0x00000490                radio_latest_energy
                0x00000496                radio_latest_lqi
                0x0000049c                radio_rx_all
                0x000004a2                radio_getid
 .text          0x000004ac      0x132 C:\Users\se414010\Documents\Atmel Studio\6.2\NoEncryptionAttack\Attacker\Attacker\libOS.a(serial.o)
                0x000004ac                serial_init
                0x00000576                serial_is_init
                0x0000057c                serial_put
                0x0000059a                serial_puts
                0x000005b6                serial_ready
                0x000005c2                serial_get
 .text          0x000005de      0x29e C:\Users\se414010\Documents\Atmel Studio\6.2\NoEncryptionAttack\Attacker\Attacker\libOS.a(simple_os.o)
                0x00000692                timer_init
                0x000006a6                timer_start
                0x000006c2                timer_stop
                0x000006ca                main
 .text          0x0000087c      0x1b2 C:\Users\se414010\Documents\Atmel Studio\6.2\NoEncryptionAttack\Attacker\Attacker\libOS.a(hw_timer.o)
                0x0000087c                hw_timer_cpuf
                0x00000886                hw_timer_init
                0x000008a2                hw_timer_start
                0x000008b8                hw_timer_overflow
                0x000008c8                hw_timer_now
                0x000008d2                hw_timer_now_us
                0x0000094a                hw_timer_wait_micro
                0x00000a08                hw_timer_wait_milli
                0x00000a2e                . = ALIGN (0x2)
 *(.text.*)
 .text.encrypt  0x00000a2e       0xe4 Open.o
                0x00000a2e                encrypt
 .text.decryptMeth
                0x00000b12       0xb4 Open.o
                0x00000b12                decryptMeth
 .text.application_start
                0x00000bc6       0x3a Open.o
                0x00000bc6                application_start
 .text.application_timer_tick
                0x00000c00       0x3e Open.o
                0x00000c00                application_timer_tick
 .text.application_radio_rx_msg
                0x00000c3e      0x200 Open.o
                0x00000c3e                application_radio_rx_msg
 .text.application_radio_tx_done
                0x00000e3e       0x66 Open.o
                0x00000e3e                application_radio_tx_done
 .text.application_button_pressed
                0x00000ea4       0xd4 Open.o
                0x00000ea4                application_button_pressed
 .text.application_button_released
                0x00000f78        0x2 Open.o
                0x00000f78                application_button_released
 .text.libgcc.mul
                0x00000f7a       0x1e c:/program files/atmel/atmel toolchain/avr8 gcc/native/3.4.1061/avr8-gnu-toolchain/bin/../lib/gcc/avr/4.8.1/avr51\libgcc.a(_mulsi3.o)
                0x00000f7a                __mulsi3
 .text.libgcc.div
                0x00000f98       0x44 c:/program files/atmel/atmel toolchain/avr8 gcc/native/3.4.1061/avr8-gnu-toolchain/bin/../lib/gcc/avr/4.8.1/avr51\libgcc.a(_udivmodsi4.o)
                0x00000f98                __udivmodsi4
 .text.libgcc.mul
                0x00000fdc       0x14 c:/program files/atmel/atmel toolchain/avr8 gcc/native/3.4.1061/avr8-gnu-toolchain/bin/../lib/gcc/avr/4.8.1/avr51\libgcc.a(_muluhisi3.o)
                0x00000fdc                __muluhisi3
 .text.libgcc.mul
                0x00000ff0       0x1e c:/program files/atmel/atmel toolchain/avr8 gcc/native/3.4.1061/avr8-gnu-toolchain/bin/../lib/gcc/avr/4.8.1/avr51\libgcc.a(_umulhisi3.o)
                0x00000ff0                __umulhisi3
 .text.avr-libc
                0x0000100e       0x4c c:/program files/atmel/atmel toolchain/avr8 gcc/native/3.4.1061/avr8-gnu-toolchain/bin/../lib/gcc/avr/4.8.1/../../../../avr/lib/avr51\libc.a(atol.o)
                0x0000100e                atol
 .text.avr-libc
                0x0000105a       0x12 c:/program files/atmel/atmel toolchain/avr8 gcc/native/3.4.1061/avr8-gnu-toolchain/bin/../lib/gcc/avr/4.8.1/../../../../avr/lib/avr51\libc.a(strcmp.o)
                0x0000105a                strcmp
 .text.avr-libc
                0x0000106c       0x2a c:/program files/atmel/atmel toolchain/avr8 gcc/native/3.4.1061/avr8-gnu-toolchain/bin/../lib/gcc/avr/4.8.1/../../../../avr/lib/avr51\libc.a(mulsi10.o)
                0x0000106c                __mulsi_const_10
 .text.avr-libc
                0x00001096       0x22 c:/program files/atmel/atmel toolchain/avr8 gcc/native/3.4.1061/avr8-gnu-toolchain/bin/../lib/gcc/avr/4.8.1/../../../../avr/lib/avr51\libc.a(printf.o)
                0x00001096                printf
 .text.avr-libc
                0x000010b8       0x5a c:/program files/atmel/atmel toolchain/avr8 gcc/native/3.4.1061/avr8-gnu-toolchain/bin/../lib/gcc/avr/4.8.1/../../../../avr/lib/avr51\libc.a(puts.o)
                0x000010b8                puts
 .text.avr-libc
                0x00001112       0x5c c:/program files/atmel/atmel toolchain/avr8 gcc/native/3.4.1061/avr8-gnu-toolchain/bin/../lib/gcc/avr/4.8.1/../../../../avr/lib/avr51\libc.a(sprintf.o)
                0x00001112                sprintf
 .text.avr-libc
                0x0000116e      0x3dc c:/program files/atmel/atmel toolchain/avr8 gcc/native/3.4.1061/avr8-gnu-toolchain/bin/../lib/gcc/avr/4.8.1/../../../../avr/lib/avr51\libc.a(vfprintf_std.o)
                0x0000116e                vfprintf
 .text.avr-libc
                0x0000154a       0x16 c:/program files/atmel/atmel toolchain/avr8 gcc/native/3.4.1061/avr8-gnu-toolchain/bin/../lib/gcc/avr/4.8.1/../../../../avr/lib/avr51\libc.a(strnlen_P.o)
                0x0000154a                strnlen_P
 .text.avr-libc
                0x00001560       0x16 c:/program files/atmel/atmel toolchain/avr8 gcc/native/3.4.1061/avr8-gnu-toolchain/bin/../lib/gcc/avr/4.8.1/../../../../avr/lib/avr51\libc.a(strnlen.o)
                0x00001560                strnlen
 .text.avr-libc
                0x00001576       0x64 c:/program files/atmel/atmel toolchain/avr8 gcc/native/3.4.1061/avr8-gnu-toolchain/bin/../lib/gcc/avr/4.8.1/../../../../avr/lib/avr51\libc.a(fputc.o)
                0x00001576                fputc
 .text.avr-libc
                0x000015da       0xbc c:/program files/atmel/atmel toolchain/avr8 gcc/native/3.4.1061/avr8-gnu-toolchain/bin/../lib/gcc/avr/4.8.1/../../../../avr/lib/avr51\libc.a(ultoa_invert.o)
                0x000015da                __ultoa_invert
                0x00001696                . = ALIGN (0x2)
 *(.fini9)
 .fini9         0x00001696        0x0 c:/program files/atmel/atmel toolchain/avr8 gcc/native/3.4.1061/avr8-gnu-toolchain/bin/../lib/gcc/avr/4.8.1/avr51\libgcc.a(_exit.o)
                0x00001696                _exit
                0x00001696                exit
 *(.fini9)
 *(.fini8)
 *(.fini8)
 *(.fini7)
 *(.fini7)
 *(.fini6)
 *(.fini6)
 *(.fini5)
 *(.fini5)
 *(.fini4)
 *(.fini4)
 *(.fini3)
 *(.fini3)
 *(.fini2)
 *(.fini2)
 *(.fini1)
 *(.fini1)
 *(.fini0)
 .fini0         0x00001696        0x4 c:/program files/atmel/atmel toolchain/avr8 gcc/native/3.4.1061/avr8-gnu-toolchain/bin/../lib/gcc/avr/4.8.1/avr51\libgcc.a(_exit.o)
 *(.fini0)
                0x0000169a                _etext = .

.data           0x00800200       0xc6 load address 0x0000169a
                0x00800200                PROVIDE (__data_start, .)
 *(.data)
 .data          0x00800200        0x1 C:\Users\se414010\Documents\Atmel Studio\6.2\NoEncryptionAttack\Attacker\Attacker\libOS.a(radio.o)
 .data          0x00800201        0xe C:\Users\se414010\Documents\Atmel Studio\6.2\NoEncryptionAttack\Attacker\Attacker\libOS.a(serial.o)
 *(.data*)
 .data.aesKey   0x0080020f       0x10 Open.o
                0x0080020f                aesKey
 .data.crypto   0x0080021f       0x11 Open.o
                0x0080021f                crypto
 .data.decrypt  0x00800230       0x11 Open.o
                0x00800230                decrypt
 .data.plaintext
                0x00800241       0x11 Open.o
                0x00800241                plaintext
 .data.dest     0x00800252        0x2 Open.o
                0x00800252                dest
 *(.rodata)
 *(.rodata*)
 .rodata.str1.1
                0x00800254       0x72 Open.o
                                 0x77 (size before relaxing)
 *(.gnu.linkonce.d*)
                0x008002c6                . = ALIGN (0x2)
                0x008002c6                _edata = .
                0x008002c6                PROVIDE (__data_end, .)

.bss            0x008002c6      0x151
                0x008002c6                PROVIDE (__bss_start, .)
 *(.bss)
 .bss           0x008002c6        0x7 C:\Users\se414010\Documents\Atmel Studio\6.2\NoEncryptionAttack\Attacker\Attacker\libOS.a(radio.o)
 .bss           0x008002cd        0x1 C:\Users\se414010\Documents\Atmel Studio\6.2\NoEncryptionAttack\Attacker\Attacker\libOS.a(serial.o)
 .bss           0x008002ce       0x99 C:\Users\se414010\Documents\Atmel Studio\6.2\NoEncryptionAttack\Attacker\Attacker\libOS.a(simple_os.o)
                0x008002ce                os_tick
                0x008002d2                id
 .bss           0x00800367        0x4 C:\Users\se414010\Documents\Atmel Studio\6.2\NoEncryptionAttack\Attacker\Attacker\libOS.a(hw_timer.o)
                0x00800367                basetime
 *(.bss*)
 .bss.canSend   0x0080036b        0x1 Open.o
                0x0080036b                canSend
 .bss.tx_buffer_inuse
                0x0080036c        0x1 Open.o
                0x0080036c                tx_buffer_inuse
 .bss.timer1    0x0080036d        0xa Open.o
 *(COMMON)
 COMMON         0x00800377       0x9a Open.o
                0x00800377                j
                0x00800379                temp
                0x0080037a                tx_buffer
                0x008003fa                i
                0x008003fc                newPkt
 COMMON         0x00800411        0x6 c:/program files/atmel/atmel toolchain/avr8 gcc/native/3.4.1061/avr8-gnu-toolchain/bin/../lib/gcc/avr/4.8.1/../../../../avr/lib/avr51\libc.a(iob.o)
                0x00800411                __iob
                0x00800417                PROVIDE (__bss_end, .)
                0x0000169a                __data_load_start = LOADADDR (.data)
                0x00001760                __data_load_end = (__data_load_start + SIZEOF (.data))

.noinit         0x00800417        0x0
                0x00800417                PROVIDE (__noinit_start, .)
 *(.noinit*)
                0x00800417                PROVIDE (__noinit_end, .)
                0x00800417                _end = .
                0x00800417                PROVIDE (__heap_start, .)

.eeprom         0x00810000        0x0
 *(.eeprom*)
                0x00810000                __eeprom_end = .

.fuse
 *(.fuse)
 *(.lfuse)
 *(.hfuse)
 *(.efuse)

.lock
 *(.lock*)

.signature
 *(.signature*)

.user_signatures
 *(.user_signatures*)

.stab
 *(.stab)

.stabstr
 *(.stabstr)

.stab.excl
 *(.stab.excl)

.stab.exclstr
 *(.stab.exclstr)

.stab.index
 *(.stab.index)

.stab.indexstr
 *(.stab.indexstr)

.comment        0x00000000       0x5c
 *(.comment)
 .comment       0x00000000       0x30 Open.o
                                 0x31 (size before relaxing)
 .comment       0x00000000       0x31 c:/program files/atmel/atmel toolchain/avr8 gcc/native/3.4.1061/avr8-gnu-toolchain/bin/../lib/gcc/avr/4.8.1/../../../../avr/lib/avr51\libc.a(iob.o)
 .comment       0x00000000       0x31 c:/program files/atmel/atmel toolchain/avr8 gcc/native/3.4.1061/avr8-gnu-toolchain/bin/../lib/gcc/avr/4.8.1/../../../../avr/lib/avr51\libc.a(printf.o)
 .comment       0x00000000       0x31 c:/program files/atmel/atmel toolchain/avr8 gcc/native/3.4.1061/avr8-gnu-toolchain/bin/../lib/gcc/avr/4.8.1/../../../../avr/lib/avr51\libc.a(puts.o)
 .comment       0x00000000       0x31 c:/program files/atmel/atmel toolchain/avr8 gcc/native/3.4.1061/avr8-gnu-toolchain/bin/../lib/gcc/avr/4.8.1/../../../../avr/lib/avr51\libc.a(sprintf.o)
 .comment       0x00000030       0x2c c:/program files/atmel/atmel toolchain/avr8 gcc/native/3.4.1061/avr8-gnu-toolchain/bin/../lib/gcc/avr/4.8.1/../../../../avr/lib/avr51\libc.a(vfprintf_std.o)
                                 0x2d (size before relaxing)
 .comment       0x00000000       0x31 c:/program files/atmel/atmel toolchain/avr8 gcc/native/3.4.1061/avr8-gnu-toolchain/bin/../lib/gcc/avr/4.8.1/../../../../avr/lib/avr51\libc.a(fputc.o)

.note.gnu.build-id
 *(.note.gnu.build-id)

.debug
 *(.debug)

.line
 *(.line)

.debug_srcinfo
 *(.debug_srcinfo)

.debug_sfnames
 *(.debug_sfnames)

.debug_aranges  0x00000000      0x118
 *(.debug_aranges)
 .debug_aranges
                0x00000000       0x58 Open.o
 .debug_aranges
                0x00000058       0x20 C:\Users\se414010\Documents\Atmel Studio\6.2\NoEncryptionAttack\Attacker\Attacker\libOS.a(button.o)
 .debug_aranges
                0x00000078       0x20 C:\Users\se414010\Documents\Atmel Studio\6.2\NoEncryptionAttack\Attacker\Attacker\libOS.a(leds.o)
 .debug_aranges
                0x00000098       0x20 C:\Users\se414010\Documents\Atmel Studio\6.2\NoEncryptionAttack\Attacker\Attacker\libOS.a(radio.o)
 .debug_aranges
                0x000000b8       0x20 C:\Users\se414010\Documents\Atmel Studio\6.2\NoEncryptionAttack\Attacker\Attacker\libOS.a(serial.o)
 .debug_aranges
                0x000000d8       0x20 C:\Users\se414010\Documents\Atmel Studio\6.2\NoEncryptionAttack\Attacker\Attacker\libOS.a(simple_os.o)
 .debug_aranges
                0x000000f8       0x20 C:\Users\se414010\Documents\Atmel Studio\6.2\NoEncryptionAttack\Attacker\Attacker\libOS.a(hw_timer.o)

.debug_pubnames
 *(.debug_pubnames)

.debug_info     0x00000000     0x16d5
 *(.debug_info .gnu.linkonce.wi.*)
 .debug_info    0x00000000      0x96c Open.o
 .debug_info    0x0000096c       0xb4 C:\Users\se414010\Documents\Atmel Studio\6.2\NoEncryptionAttack\Attacker\Attacker\libOS.a(button.o)
 .debug_info    0x00000a20       0xc8 C:\Users\se414010\Documents\Atmel Studio\6.2\NoEncryptionAttack\Attacker\Attacker\libOS.a(leds.o)
 .debug_info    0x00000ae8      0x397 C:\Users\se414010\Documents\Atmel Studio\6.2\NoEncryptionAttack\Attacker\Attacker\libOS.a(radio.o)
 .debug_info    0x00000e7f      0x2b5 C:\Users\se414010\Documents\Atmel Studio\6.2\NoEncryptionAttack\Attacker\Attacker\libOS.a(serial.o)
 .debug_info    0x00001134      0x3db C:\Users\se414010\Documents\Atmel Studio\6.2\NoEncryptionAttack\Attacker\Attacker\libOS.a(simple_os.o)
 .debug_info    0x0000150f      0x1c6 C:\Users\se414010\Documents\Atmel Studio\6.2\NoEncryptionAttack\Attacker\Attacker\libOS.a(hw_timer.o)

.debug_abbrev   0x00000000      0x934
 *(.debug_abbrev)
 .debug_abbrev  0x00000000      0x29e Open.o
 .debug_abbrev  0x0000029e       0x5f C:\Users\se414010\Documents\Atmel Studio\6.2\NoEncryptionAttack\Attacker\Attacker\libOS.a(button.o)
 .debug_abbrev  0x000002fd       0x87 C:\Users\se414010\Documents\Atmel Studio\6.2\NoEncryptionAttack\Attacker\Attacker\libOS.a(leds.o)
 .debug_abbrev  0x00000384      0x144 C:\Users\se414010\Documents\Atmel Studio\6.2\NoEncryptionAttack\Attacker\Attacker\libOS.a(radio.o)
 .debug_abbrev  0x000004c8      0x168 C:\Users\se414010\Documents\Atmel Studio\6.2\NoEncryptionAttack\Attacker\Attacker\libOS.a(serial.o)
 .debug_abbrev  0x00000630      0x20f C:\Users\se414010\Documents\Atmel Studio\6.2\NoEncryptionAttack\Attacker\Attacker\libOS.a(simple_os.o)
 .debug_abbrev  0x0000083f       0xf5 C:\Users\se414010\Documents\Atmel Studio\6.2\NoEncryptionAttack\Attacker\Attacker\libOS.a(hw_timer.o)

.debug_line     0x00000000      0xc2b
 *(.debug_line .debug_line.* .debug_line_end)
 .debug_line    0x00000000      0x5a2 Open.o
 .debug_line    0x000005a2       0xdc C:\Users\se414010\Documents\Atmel Studio\6.2\NoEncryptionAttack\Attacker\Attacker\libOS.a(button.o)
 .debug_line    0x0000067e       0xe6 C:\Users\se414010\Documents\Atmel Studio\6.2\NoEncryptionAttack\Attacker\Attacker\libOS.a(leds.o)
 .debug_line    0x00000764      0x19a C:\Users\se414010\Documents\Atmel Studio\6.2\NoEncryptionAttack\Attacker\Attacker\libOS.a(radio.o)
 .debug_line    0x000008fe      0x119 C:\Users\se414010\Documents\Atmel Studio\6.2\NoEncryptionAttack\Attacker\Attacker\libOS.a(serial.o)
 .debug_line    0x00000a17       0xfe C:\Users\se414010\Documents\Atmel Studio\6.2\NoEncryptionAttack\Attacker\Attacker\libOS.a(simple_os.o)
 .debug_line    0x00000b15      0x116 C:\Users\se414010\Documents\Atmel Studio\6.2\NoEncryptionAttack\Attacker\Attacker\libOS.a(hw_timer.o)

.debug_frame    0x00000000      0x500
 *(.debug_frame)
 .debug_frame   0x00000000       0xe8 Open.o
 .debug_frame   0x000000e8       0x44 C:\Users\se414010\Documents\Atmel Studio\6.2\NoEncryptionAttack\Attacker\Attacker\libOS.a(button.o)
 .debug_frame   0x0000012c       0x44 C:\Users\se414010\Documents\Atmel Studio\6.2\NoEncryptionAttack\Attacker\Attacker\libOS.a(leds.o)
 .debug_frame   0x00000170      0x138 C:\Users\se414010\Documents\Atmel Studio\6.2\NoEncryptionAttack\Attacker\Attacker\libOS.a(radio.o)
 .debug_frame   0x000002a8       0xec C:\Users\se414010\Documents\Atmel Studio\6.2\NoEncryptionAttack\Attacker\Attacker\libOS.a(serial.o)
 .debug_frame   0x00000394       0x84 C:\Users\se414010\Documents\Atmel Studio\6.2\NoEncryptionAttack\Attacker\Attacker\libOS.a(simple_os.o)
 .debug_frame   0x00000418       0xe8 C:\Users\se414010\Documents\Atmel Studio\6.2\NoEncryptionAttack\Attacker\Attacker\libOS.a(hw_timer.o)

.debug_str      0x00000000      0x6c1
 *(.debug_str)
 .debug_str     0x00000000      0x34c Open.o
                                0x3ca (size before relaxing)
 .debug_str     0x0000034c       0x5b C:\Users\se414010\Documents\Atmel Studio\6.2\NoEncryptionAttack\Attacker\Attacker\libOS.a(button.o)
                                 0xfb (size before relaxing)
 .debug_str     0x000003a7        0xc C:\Users\se414010\Documents\Atmel Studio\6.2\NoEncryptionAttack\Attacker\Attacker\libOS.a(leds.o)
                                 0xe3 (size before relaxing)
 .debug_str     0x000003b3       0xff C:\Users\se414010\Documents\Atmel Studio\6.2\NoEncryptionAttack\Attacker\Attacker\libOS.a(radio.o)
                                0x22e (size before relaxing)
 .debug_str     0x000004b2       0xa0 C:\Users\se414010\Documents\Atmel Studio\6.2\NoEncryptionAttack\Attacker\Attacker\libOS.a(serial.o)
                                0x17d (size before relaxing)
 .debug_str     0x00000552       0xc2 C:\Users\se414010\Documents\Atmel Studio\6.2\NoEncryptionAttack\Attacker\Attacker\libOS.a(simple_os.o)
                                0x206 (size before relaxing)
 .debug_str     0x00000614       0xad C:\Users\se414010\Documents\Atmel Studio\6.2\NoEncryptionAttack\Attacker\Attacker\libOS.a(hw_timer.o)
                                0x190 (size before relaxing)

.debug_loc      0x00000000      0xe79
 *(.debug_loc)
 .debug_loc     0x00000000      0x3dc Open.o
 .debug_loc     0x000003dc      0x44b C:\Users\se414010\Documents\Atmel Studio\6.2\NoEncryptionAttack\Attacker\Attacker\libOS.a(radio.o)
 .debug_loc     0x00000827      0x1f9 C:\Users\se414010\Documents\Atmel Studio\6.2\NoEncryptionAttack\Attacker\Attacker\libOS.a(serial.o)
 .debug_loc     0x00000a20      0x245 C:\Users\se414010\Documents\Atmel Studio\6.2\NoEncryptionAttack\Attacker\Attacker\libOS.a(simple_os.o)
 .debug_loc     0x00000c65      0x214 C:\Users\se414010\Documents\Atmel Studio\6.2\NoEncryptionAttack\Attacker\Attacker\libOS.a(hw_timer.o)

.debug_macinfo
 *(.debug_macinfo)

.debug_weaknames
 *(.debug_weaknames)

.debug_funcnames
 *(.debug_funcnames)

.debug_typenames
 *(.debug_typenames)

.debug_varnames
 *(.debug_varnames)

.debug_pubtypes
 *(.debug_pubtypes)

.debug_ranges   0x00000000       0x60
 *(.debug_ranges)
 .debug_ranges  0x00000000       0x48 Open.o
 .debug_ranges  0x00000048       0x18 C:\Users\se414010\Documents\Atmel Studio\6.2\NoEncryptionAttack\Attacker\Attacker\libOS.a(simple_os.o)

.debug_macro
 *(.debug_macro)
OUTPUT(Open.elf elf32-avr)
LOAD linker stubs
